 hmmm, not ready fill_text_buffer harness.c 31
 hmmm, not ready compare_buffer harness.c 10
 hmmm, not ready add_line harness.c 9
 hmmm, not ready main harness.c 8
 hmmm, not ready fill_text_buffer harness.c 31
 hmmm, not ready compare_buffer harness.c 10
 hmmm, not ready add_line harness.c 9
 hmmm, not ready main harness.c 8
 hmmm, not ready fill_text_buffer harness.c 31
 hmmm, not ready compare_buffer harness.c 10
 hmmm, not ready add_line harness.c 9
 hmmm, not ready main harness.c 8
 hmmm, not ready fill_text_buffer harness.c 31
 hmmm, not ready compare_buffer harness.c 10
 hmmm, not ready add_line harness.c 9
 hmmm, not ready main harness.c 8
 hmmm, not ready fill_text_buffer harness.c 31
 hmmm, not ready compare_buffer harness.c 10
 hmmm, not ready add_line harness.c 9
 hmmm, not ready main harness.c 8
 hmmm, not ready fill_text_buffer harness.c 31
 hmmm, not ready compare_buffer harness.c 10
 hmmm, not ready add_line harness.c 9
 hmmm, not ready main harness.c 8
 hmmm, not ready fill_text_buffer harness.c 31
 hmmm, not ready compare_buffer harness.c 10
 hmmm, not ready add_line harness.c 9
 hmmm, not ready main harness.c 8
 hmmm, not ready fill_text_buffer harness.c 31
 hmmm, not ready compare_buffer harness.c 10
 hmmm, not ready add_line harness.c 9
 hmmm, not ready main harness.c 8
 hmmm, not ready fill_text_buffer harness.c 31
 hmmm, not ready compare_buffer harness.c 10
 hmmm, not ready add_line harness.c 9
 hmmm, not ready main harness.c 8
 hmmm, not ready fill_text_buffer harness.c 31
 hmmm, not ready compare_buffer harness.c 10
 hmmm, not ready add_line harness.c 9
 hmmm, not ready main harness.c 8
 hmmm, not ready fill_text_buffer harness.c 31
 hmmm, not ready compare_buffer harness.c 10
 hmmm, not ready add_line harness.c 9
 hmmm, not ready main harness.c 8
 hmmm, not ready fill_text_buffer harness.c 31
 hmmm, not ready compare_buffer harness.c 10
 hmmm, not ready add_line harness.c 9
 hmmm, not ready main harness.c 8
 hmmm, not ready fill_text_buffer harness.c 31
 hmmm, not ready compare_buffer harness.c 10
 hmmm, not ready add_line harness.c 9
 hmmm, not ready main harness.c 8
